// Jest Snapshot v1, https://goo.gl/fbAQLP

exports[`eslint-config-untile-react should generate violations for incorrect code 1`] = `
Array [
  "react-hooks/exhaustive-deps",
  "react-hooks/exhaustive-deps",
  "react-hooks/exhaustive-deps",
  "react-hooks/exhaustive-deps",
  "react-hooks/exhaustive-deps",
  "react-hooks/rules-of-hooks",
  "react-hooks/rules-of-hooks",
  "react-hooks/rules-of-hooks",
  "react-hooks/rules-of-hooks",
  "react/jsx-closing-bracket-location",
  "react/jsx-curly-brace-presence",
  "react/jsx-curly-newline",
  "no-trailing-spaces",
  "react/jsx-curly-newline",
  "react/jsx-newline",
  "react/jsx-no-literals",
  "react/jsx-first-prop-new-line",
  "react/jsx-tag-spacing",
  "react/jsx-tag-spacing",
  "react/jsx-tag-spacing",
  "react/jsx-tag-spacing",
  "react/jsx-tag-spacing",
  "react/prefer-stateless-function",
]
`;
